../Core/Src/main.c:75:10:ADC_ReadChannelRaw	40	static
../Core/Src/main.c:111:7:ADC_Raw_to_mV	16	static
../Core/Src/main.c:116:10:ADC_Read_PA0	32	static
../Core/Src/main.c:135:10:ADC_Read_PA1	32	static
../Core/Src/main.c:156:7:ADC_GetVDDA	32	static
../Core/Src/main.c:175:7:ADC_RawToVolt	24	static
../Core/Src/main.c:186:5:main	168	static
../Core/Src/main.c:355:6:SystemClock_Config	88	static
../Core/Src/main.c:397:13:MX_ADC1_Init	24	static
../Core/Src/main.c:449:13:MX_I2C1_Init	8	static
../Core/Src/main.c:483:13:MX_USART1_UART_Init	8	static
../Core/Src/main.c:516:13:MX_USART2_UART_Init	8	static
../Core/Src/main.c:549:13:MX_GPIO_Init	40	static
../Core/Src/main.c:584:6:Error_Handler	4	static,ignoring_inline_asm
