../Core/Src/main.c:133:9:Q_Pop	16	static
../Core/Src/main.c:142:9:Q_Push	16	static
../Core/Src/main.c:151:6:Q_Init	16	static
../Core/Src/main.c:157:6:HAL_TIM_PeriodElapsedCallback	16	static
../Core/Src/main.c:175:13:ProcessCmd	24	static,ignoring_inline_asm
../Core/Src/main.c:252:6:HAL_UART_RxCpltCallback	24	static
../Core/Src/main.c:289:6:Task_1	8	static
../Core/Src/main.c:302:6:Task_2	8	static
../Core/Src/main.c:307:6:Task_3	72	static
../Core/Src/main.c:318:6:Task_4	112	static
../Core/Src/main.c:339:6:Task_5	8	static
../Core/Src/main.c:356:5:main	40	static
../Core/Src/main.c:462:6:SystemClock_Config	88	static
../Core/Src/main.c:509:13:MX_ADC1_Init	24	static
../Core/Src/main.c:556:13:MX_I2C1_Init	8	static
../Core/Src/main.c:590:13:MX_TIM2_Init	32	static
../Core/Src/main.c:635:13:MX_TIM3_Init	32	static
../Core/Src/main.c:680:13:MX_USART1_UART_Init	8	static
../Core/Src/main.c:713:13:MX_GPIO_Init	40	static
../Core/Src/main.c:763:6:Error_Handler	4	static,ignoring_inline_asm
