../Core/Src/main.c:202:13:ProcessCmd	24	static,ignoring_inline_asm
../Core/Src/main.c:243:6:HAL_UART_RxCpltCallback	24	static
../Core/Src/main.c:281:5:main	8	static
../Core/Src/main.c:431:6:SystemClock_Config	88	static
../Core/Src/main.c:478:13:MX_ADC1_Init	24	static
../Core/Src/main.c:530:13:MX_I2C1_Init	8	static
../Core/Src/main.c:564:13:MX_TIM2_Init	32	static
../Core/Src/main.c:609:13:MX_USART1_UART_Init	8	static
../Core/Src/main.c:642:13:MX_USART2_UART_Init	8	static
../Core/Src/main.c:675:13:MX_GPIO_Init	48	static
../Core/Src/main.c:718:13:EDF_SetAllNormal	16	static
../Core/Src/main.c:728:13:EDF_ApplyPriorities_5	56	static
../Core/Src/main.c:790:6:StartDefaultTask	40	static,ignoring_inline_asm
../Core/Src/main.c:848:6:StartTask02	40	static,ignoring_inline_asm
../Core/Src/main.c:887:6:StartTask03	120	static,ignoring_inline_asm
../Core/Src/main.c:972:6:StartTask04	160	static
../Core/Src/main.c:1080:6:StartTask06	32	static
../Core/Src/main.c:1119:6:HAL_TIM_PeriodElapsedCallback	16	static
../Core/Src/main.c:1137:6:Error_Handler	4	static,ignoring_inline_asm
